
 Ansys Mechanical Enterprise                       


 *------------------------------------------------------------------*
 |                                                                  |
 |   W E L C O M E   T O   T H E   A N S Y S (R)  P R O G R A M     |
 |                                                                  |
 *------------------------------------------------------------------*




 ***************************************************************
 *         ANSYS MAPDL 2025 R2          LEGAL NOTICES          *
 ***************************************************************
 *                                                             *
 * Copyright 1971-2025 Ansys, Inc.  All rights reserved.       *
 * Unauthorized use, distribution or duplication is            *
 * prohibited.                                                 *
 *                                                             *
 * Ansys is a registered trademark of Ansys, Inc. or its       *
 * subsidiaries in the United States or other countries.       *
 * See the Ansys, Inc. online documentation or the Ansys, Inc. *
 * documentation CD or online help for the complete Legal      *
 * Notice.                                                     *
 *                                                             *
 ***************************************************************
 *                                                             *
 * THIS ANSYS SOFTWARE PRODUCT AND PROGRAM DOCUMENTATION       *
 * INCLUDE TRADE SECRETS AND CONFIDENTIAL AND PROPRIETARY      *
 * PRODUCTS OF ANSYS, INC., ITS SUBSIDIARIES, OR LICENSORS.    *
 * The software products and documentation are furnished by    *
 * Ansys, Inc. or its subsidiaries under a software license    *
 * agreement that contains provisions concerning               *
 * non-disclosure, copying, length and nature of use,          *
 * compliance with exporting laws, warranties, disclaimers,    *
 * limitations of liability, and remedies, and other           *
 * provisions.  The software products and documentation may be *
 * used, disclosed, transferred, or copied only in accordance  *
 * with the terms and conditions of that software license      *
 * agreement.                                                  *
 *                                                             *
 * Ansys, Inc. is a UL registered                              *
 * ISO 9001:2015 company.                                      *
 *                                                             *
 ***************************************************************
 *                                                             *
 * This product is subject to U.S. laws governing export and   *
 * re-export.                                                  *
 *                                                             *
 * For U.S. Government users, except as specifically granted   *
 * by the Ansys, Inc. software license agreement, the use,     *
 * duplication, or disclosure by the United States Government  *
 * is subject to restrictions stated in the Ansys, Inc.        *
 * software license agreement and FAR 12.212 (for non-DOD      *
 * licenses).                                                  *
 *                                                             *
 ***************************************************************

 2025 R2 
     
 Point Releases and Patches installed:   
     
 Ansys, Inc. License Manager 2025 R2 
 Additive 2025 R2
 Core WB Files 2025 R2   
 BladeModeler 2025 R2
 CFX (includes CFD-Post) 2025 R2 
 CFD-Post only 2025 R2   
 Chemkin 2025 R2 
 EnSight 2025 R2 
 FENSAP-ICE 2025 R2  
 Fluent (includes CFD-Post) 2025 R2  
 Polyflow (includes CFD-Post) 2025 R2
 Forte (includes EnSight) 2025 R2
 ICEM CFD 2025 R2
 TurboGrid 2025 R2   
 Dynamic Reporting 2025 R2   
 Remote Solve Manager Standalone Services 2025 R2
 Aqwa 2025 R2
 Autodyn 2025 R2 
 Customization Files for User Programmable Features 2025 R2  
 LS-DYNA 2025 R2 
 Mechanical Products 2025 R2 
 Motion 2025 R2  
 Sherlock 2025 R2
 ACIS Geometry Interface 2025 R2 
 AutoCAD Geometry Interface 2025 R2  
 Catia, Version 4 Geometry Interface 2025 R2 
 Catia, Version 5 Geometry Interface 2025 R2 
 Catia, Version 6 Geometry Interface 2025 R2 
 Creo Parametric Geometry Interface 2025 R2  
 Inventor Geometry Interface 2025 R2 
 JTOpen Geometry Interface 2025 R2   
 NX Geometry Interface 2025 R2   
 Parasolid Geometry Interface 2025 R2
 Solid Edge Geometry Interface 2025 R2   
 SOLIDWORKS Geometry Interface 2025 R2   


          *****  MAPDL COMMAND LINE ARGUMENTS  *****
  INITIAL JOBNAME              = eyelid_1p25mm_indent_0p28mm                                                                                                                                                                                                                             
  BATCH MODE REQUESTED (-b)    = LIST
  INPUT FILE COPY MODE (-c)    = COPY
  INPUT FILE NAME              = /proc/953327/fd/0
  OUTPUT FILE NAME             = /home/xuanyu/PROJECT/ziyu/blueknow-data/thickness_mesh_independence/20260813T034259Z_5d3ece4b_L010_h1p25_iop20_guarded_np4/iop20/eyelid_1p25mm_indent_0p28mm/attempt_1/eyelid_1p25mm_indent_0p28mm3.out
  INITIAL DIRECTORY = /home/xuanyu/PROJECT/ziyu/blueknow-data/thickness_mesh_independence/20260813T034259Z_5d3ece4b_L010_h1p25_iop20_guarded_np4/iop20/eyelid_1p25mm_indent_0p28mm/attempt_1

 RELEASE= 2025 R2              BUILD= 25.2      UP20250519   VERSION=LINUX x64   
 CURRENT JOBNAME=eyelid_1p25mm_indent_0p28mm3  11:43:04  AUG 13, 2026 CP=      0.313


 CLEAR DATABASE AND RERUN START.ANS

 Ansys Mechanical Enterprise                       

 *****  MAPDL SOLUTION ROUTINE  *****

 *** NOTE ***                            CP =       2.156   TIME= 11:43:38
 The initial memory allocation (-m) has been exceeded.                   
  Supplemental memory allocations are being used.                        

                      L O A D   S T E P   O P T I O N S

   LOAD STEP NUMBER. . . . . . . . . . . . . . . .     1
   TIME AT END OF THE LOAD STEP. . . . . . . . . .  1.0000    
   AUTOMATIC TIME STEPPING . . . . . . . . . . . .    ON
      INITIAL NUMBER OF SUBSTEPS . . . . . . . . .    20
      MAXIMUM NUMBER OF SUBSTEPS . . . . . . . . .   200
      MINIMUM NUMBER OF SUBSTEPS . . . . . . . . .     5
   MAXIMUM NUMBER OF EQUILIBRIUM ITERATIONS. . . .    15
   NONLINEAR STABILIZATION . . . . . . . . . . . .ON (CONSTANT)
   STEP CHANGE BOUNDARY CONDITIONS . . . . . . . .    NO
   STRESS-STIFFENING . . . . . . . . . . . . . . .    ON
   LINE SEARCH . . . . . . . . . . . . . . . . . .    ON
   TERMINATE ANALYSIS IF NOT CONVERGED . . . . . .YES (EXIT)  
   CONVERGENCE CONTROLS
      LABEL   REFERENCE    TOLERANCE  NORM     MINREF
       F       0.000       0.1000E-01   2      0.000    
   PRINT OUTPUT CONTROLS . . . . . . . . . . . . .NO PRINTOUT
   DATABASE OUTPUT CONTROLS
      ITEM     FREQUENCY   COMPONENT
       ALL        ALL               

 MAXIMUM NUMBER OF EQUILIBRIUM ITERATIONS HAS BEEN MODIFIED              
  TO BE, NEQIT = 25, BY SOLUTION CONTROL LOGIC.                          

     FORCE CONVERGENCE VALUE  =  0.1234E-03  CRITERION=  0.1000E-03


  Memory allocated on only this MPI rank (rank     3)
  -------------------------------------------------------------------
  Equation solver memory allocated                     =    20.367 GB
  Equation solver memory required for in-core mode     =    19.421 GB
  Equation solver memory required for out-of-core mode =     2.008 GB
  Total (solver and non-solver) memory allocated       =    22.054 GB

 *** NOTE ***                            CP =      36.793   TIME= 11:44:13
 The Distributed Sparse Matrix Solver is currently running in the        
 in-core memory mode.  This memory mode uses the most amount of memory   
 in order to avoid using the hard drive as much as possible, which most  
 often results in the fastest solution time.  This mode is recommended   
 if enough physical memory is present to accommodate all of the solver   
 data.                                                                   
     DISP CONVERGENCE VALUE   =  0.3521E-05  CRITERION=  0.1760E-06
    EQUIL ITER   1 COMPLETED.  NEW TRIANG MATRIX.  MAX DOF INC=  0.3521E-05
     DISP CONVERGENCE VALUE   =  0.3521E-05  CRITERION=  0.1760E-06
     LINE SEARCH PARAMETER =   1.000     SCALED MAX DOF INC =  0.3521E-05
     FORCE CONVERGENCE VALUE  =  0.1407E-03  CRITERION=  0.1000E-03
    EQUIL ITER   2 COMPLETED.  NEW TRIANG MATRIX.  MAX DOF INC=  0.1357E-06
     DISP CONVERGENCE VALUE   =  0.1357E-06  CRITERION=  0.1827E-06 <<< CONVERGED
     LINE SEARCH PARAMETER =   1.000     SCALED MAX DOF INC =  0.1357E-06
     FORCE CONVERGENCE VALUE  =  0.1889E-06  CRITERION=  0.1000E-03 <<< CONVERGED
    >>> SOLUTION CONVERGED AFTER EQUILIBRIUM ITERATION   2

   *** ELEMENT RESULT CALCULATION TIMES
     TYPE    NUMBER   ENAME      TOTAL CP  AVE CP

        1    655574  SOLID187     16.352   0.000025
        3      5838  CONTA174      0.118   0.000020
        5     14762  CONTA174      0.381   0.000026

   *** NODAL LOAD CALCULATION TIMES
     TYPE    NUMBER   ENAME      TOTAL CP  AVE CP

        1    655574  SOLID187      2.677   0.000004
        3      5838  CONTA174      0.007   0.000001
        5     14762  CONTA174      0.072   0.000005
 *** LOAD STEP     1   SUBSTEP     1  COMPLETED.    CUM ITER =      2
 *** TIME =  0.500000E-01     TIME INC =  0.500000E-01
 *** DAMPING FACTOR FOR NONLINEAR STABILIZATION = 0.1053E+09
 *** AUTO STEP TIME:  NEXT TIME INC = 0.50000E-01  UNCHANGED

     FORCE CONVERGENCE VALUE  =  0.2530E-04  CRITERION=  0.1000E-03
     DISP CONVERGENCE VALUE   =  0.5720E-08  CRITERION=  0.1827E-06 <<< CONVERGED
    EQUIL ITER   1 COMPLETED.  NEW TRIANG MATRIX.  MAX DOF INC= -0.5720E-08
     DISP CONVERGENCE VALUE   =  0.5720E-08  CRITERION=  0.1827E-06 <<< CONVERGED
     LINE SEARCH PARAMETER =   1.000     SCALED MAX DOF INC = -0.5720E-08
     FORCE CONVERGENCE VALUE  =  0.4162E-09  CRITERION=  0.1000E-03 <<< CONVERGED
    >>> SOLUTION CONVERGED AFTER EQUILIBRIUM ITERATION   1
 *** LOAD STEP     1   SUBSTEP     2  COMPLETED.    CUM ITER =      3
 *** TIME =  0.100000         TIME INC =  0.500000E-01
 *** AUTO TIME STEP:  NEXT TIME INC = 0.75000E-01  INCREASED (FACTOR = 1.5000)

     FORCE CONVERGENCE VALUE  =  0.6074E-04  CRITERION=  0.1000E-03
     DISP CONVERGENCE VALUE   =  0.4121E-07  CRITERION=  0.2716E-06 <<< CONVERGED
    EQUIL ITER   1 COMPLETED.  NEW TRIANG MATRIX.  MAX DOF INC= -0.4121E-07
     DISP CONVERGENCE VALUE   =  0.4121E-07  CRITERION=  0.2716E-06 <<< CONVERGED
     LINE SEARCH PARAMETER =   1.000     SCALED MAX DOF INC = -0.4121E-07
     FORCE CONVERGENCE VALUE  =  0.9708E-06  CRITERION=  0.1000E-03 <<< CONVERGED
    >>> SOLUTION CONVERGED AFTER EQUILIBRIUM ITERATION   1
 *** LOAD STEP     1   SUBSTEP     3  COMPLETED.    CUM ITER =      4
 *** TIME =  0.175000         TIME INC =  0.750000E-01
 *** AUTO TIME STEP:  NEXT TIME INC = 0.11250      INCREASED (FACTOR = 1.5000)

     FORCE CONVERGENCE VALUE  =  0.2396E-03  CRITERION=  0.1000E-03
     DISP CONVERGENCE VALUE   =  0.2218E-06  CRITERION=  0.3964E-06 <<< CONVERGED
    EQUIL ITER   1 COMPLETED.  NEW TRIANG MATRIX.  MAX DOF INC= -0.2218E-06
     DISP CONVERGENCE VALUE   =  0.2218E-06  CRITERION=  0.3964E-06 <<< CONVERGED
     LINE SEARCH PARAMETER =   1.000     SCALED MAX DOF INC = -0.2218E-06
     FORCE CONVERGENCE VALUE  =  0.5931E-05  CRITERION=  0.1000E-03 <<< CONVERGED
    >>> SOLUTION CONVERGED AFTER EQUILIBRIUM ITERATION   1
 *** LOAD STEP     1   SUBSTEP     4  COMPLETED.    CUM ITER =      5
 *** TIME =  0.287500         TIME INC =  0.112500    
 *** AUTO TIME STEP:  NEXT TIME INC = 0.16875      INCREASED (FACTOR = 1.5000)

     FORCE CONVERGENCE VALUE  =  0.2926E-03  CRITERION=  0.1000E-03
     DISP CONVERGENCE VALUE   =  0.1430E-06  CRITERION=  0.5911E-06 <<< CONVERGED
    EQUIL ITER   1 COMPLETED.  NEW TRIANG MATRIX.  MAX DOF INC= -0.1430E-06
     DISP CONVERGENCE VALUE   =  0.1396E-06  CRITERION=  0.5912E-06 <<< CONVERGED
     LINE SEARCH PARAMETER =  0.9759     SCALED MAX DOF INC = -0.1396E-06
     FORCE CONVERGENCE VALUE  =  0.9983E-05  CRITERION=  0.1000E-03 <<< CONVERGED
    >>> SOLUTION CONVERGED AFTER EQUILIBRIUM ITERATION   1
 *** LOAD STEP     1   SUBSTEP     5  COMPLETED.    CUM ITER =      6
 *** TIME =  0.456250         TIME INC =  0.168750    
 *** AUTO TIME STEP:  NEXT TIME INC = 0.20000      INCREASED (FACTOR = 1.1852)

     FORCE CONVERGENCE VALUE  =  0.3549E-03  CRITERION=  0.1000E-03
     DISP CONVERGENCE VALUE   =  0.9841E-07  CRITERION=  0.6967E-06 <<< CONVERGED
    EQUIL ITER   1 COMPLETED.  NEW TRIANG MATRIX.  MAX DOF INC= -0.9841E-07
     DISP CONVERGENCE VALUE   =  0.9474E-07  CRITERION=  0.6968E-06 <<< CONVERGED
     LINE SEARCH PARAMETER =  0.9627     SCALED MAX DOF INC = -0.9474E-07
     FORCE CONVERGENCE VALUE  =  0.1497E-04  CRITERION=  0.1000E-03 <<< CONVERGED
    >>> SOLUTION CONVERGED AFTER EQUILIBRIUM ITERATION   1
 *** LOAD STEP     1   SUBSTEP     6  COMPLETED.    CUM ITER =      7
 *** TIME =  0.656250         TIME INC =  0.200000    
 *** AUTO STEP TIME:  NEXT TIME INC = 0.20000      UNCHANGED

     FORCE CONVERGENCE VALUE  =  0.3622E-03  CRITERION=  0.1000E-03
     DISP CONVERGENCE VALUE   =  0.7884E-07  CRITERION=  0.6968E-06 <<< CONVERGED
    EQUIL ITER   1 COMPLETED.  NEW TRIANG MATRIX.  MAX DOF INC= -0.7884E-07
     DISP CONVERGENCE VALUE   =  0.7735E-07  CRITERION=  0.6968E-06 <<< CONVERGED
     LINE SEARCH PARAMETER =  0.9810     SCALED MAX DOF INC = -0.7735E-07
     FORCE CONVERGENCE VALUE  =  0.9084E-05  CRITERION=  0.1000E-03 <<< CONVERGED
    >>> SOLUTION CONVERGED AFTER EQUILIBRIUM ITERATION   1
 *** LOAD STEP     1   SUBSTEP     7  COMPLETED.    CUM ITER =      8
 *** TIME =  0.856250         TIME INC =  0.200000    
 *** AUTO TIME STEP:  NEXT TIME INC = 0.14375      DECREASED (FACTOR = 0.7188)

     FORCE CONVERGENCE VALUE  =  0.2061E-03  CRITERION=  0.1000E-03
     DISP CONVERGENCE VALUE   =  0.4172E-07  CRITERION=  0.6968E-06 <<< CONVERGED
    EQUIL ITER   1 COMPLETED.  NEW TRIANG MATRIX.  MAX DOF INC= -0.4172E-07
     DISP CONVERGENCE VALUE   =  0.4144E-07  CRITERION=  0.6968E-06 <<< CONVERGED
     LINE SEARCH PARAMETER =  0.9933     SCALED MAX DOF INC = -0.4144E-07
     FORCE CONVERGENCE VALUE  =  0.3226E-05  CRITERION=  0.1000E-03 <<< CONVERGED
    >>> SOLUTION CONVERGED AFTER EQUILIBRIUM ITERATION   1
 *** LOAD STEP     1   SUBSTEP     8  COMPLETED.    CUM ITER =      9
 *** TIME =   1.00000         TIME INC =  0.143750    


 *** MAPDL BINARY FILE STATISTICS
  BUFFER SIZE USED= 16384
      576.750 MB WRITTEN ON ELEMENT SAVED DATA FILE: eyelid_1p25mm_indent_0p28mm3.esav
      329.812 MB WRITTEN ON ASSEMBLED MATRIX FILE: eyelid_1p25mm_indent_0p28mm3.full
      591.312 MB WRITTEN ON RESULTS FILE: eyelid_1p25mm_indent_0p28mm3.rst

 *** MAPDL - ENGINEERING ANALYSIS SYSTEM  RELEASE 2025 R2          25.2     ***
 Ansys Mechanical Enterprise                       
 00000000  VERSION=LINUX x64     12:22:13  AUG 13, 2026 CP=   2314.847

                                                                               



                      L O A D   S T E P   O P T I O N S

   LOAD STEP NUMBER. . . . . . . . . . . . . . . .     2
   TIME AT END OF THE LOAD STEP. . . . . . . . . .  2.0000    
   AUTOMATIC TIME STEPPING . . . . . . . . . . . .    ON
      INITIAL NUMBER OF SUBSTEPS . . . . . . . . .    20
      MAXIMUM NUMBER OF SUBSTEPS . . . . . . . . .   200
      MINIMUM NUMBER OF SUBSTEPS . . . . . . . . .     5
   MAXIMUM NUMBER OF EQUILIBRIUM ITERATIONS. . . .    15
   NONLINEAR STABILIZATION . . . . . . . . . . . .ON (CONSTANT)
   STEP CHANGE BOUNDARY CONDITIONS . . . . . . . .    NO
   STRESS-STIFFENING . . . . . . . . . . . . . . .    ON
   LINE SEARCH . . . . . . . . . . . . . . . . . .    ON
   TERMINATE ANALYSIS IF NOT CONVERGED . . . . . .YES (EXIT)  
   CONVERGENCE CONTROLS
      LABEL   REFERENCE    TOLERANCE  NORM     MINREF
       F       0.000       0.1000E-01   2      0.000    
   PRINT OUTPUT CONTROLS . . . . . . . . . . . . .NO PRINTOUT
   DATABASE OUTPUT CONTROLS
      ITEM     FREQUENCY   COMPONENT
       ALL        ALL               

 MAXIMUM NUMBER OF EQUILIBRIUM ITERATIONS HAS BEEN MODIFIED              
  TO BE, NEQIT = 25, BY SOLUTION CONTROL LOGIC.                          

     FORCE CONVERGENCE VALUE  =   361.4      CRITERION=   3.614    
     DISP CONVERGENCE VALUE   =  0.1233E-04  CRITERION=  0.6968E-06
    EQUIL ITER   1 COMPLETED.  NEW TRIANG MATRIX.  MAX DOF INC= -0.1233E-04
     DISP CONVERGENCE VALUE   =  0.1233E-04  CRITERION=  0.6968E-06
     LINE SEARCH PARAMETER =   1.000     SCALED MAX DOF INC = -0.1233E-04
     FORCE CONVERGENCE VALUE  =  0.3389E-06  CRITERION=  0.1000E-03 <<< CONVERGED
    EQUIL ITER   2 COMPLETED.  NEW TRIANG MATRIX.  MAX DOF INC= -0.2356E-09
     DISP CONVERGENCE VALUE   =  0.2273E-09  CRITERION=  0.6968E-06 <<< CONVERGED
     LINE SEARCH PARAMETER =  0.9644     SCALED MAX DOF INC = -0.2273E-09
     FORCE CONVERGENCE VALUE  =  0.4941E-07  CRITERION=  0.1000E-03 <<< CONVERGED
    >>> SOLUTION CONVERGED AFTER EQUILIBRIUM ITERATION   2
 *** LOAD STEP     2   SUBSTEP     1  COMPLETED.    CUM ITER =     11
 *** TIME =   1.05000         TIME INC =  0.500000E-01
 *** DAMPING FACTOR FOR NONLINEAR STABILIZATION = 0.9821E+16
 *** AUTO STEP TIME:  NEXT TIME INC = 0.50000E-01  UNCHANGED

     FORCE CONVERGENCE VALUE  =  0.7813E-03  CRITERION=  0.1000E-03
     DISP CONVERGENCE VALUE   =  0.2047E-08  CRITERION=  0.6968E-06 <<< CONVERGED
    EQUIL ITER   1 COMPLETED.  NEW TRIANG MATRIX.  MAX DOF INC= -0.2047E-08
     DISP CONVERGENCE VALUE   =  0.2046E-08  CRITERION=  0.6968E-06 <<< CONVERGED
     LINE SEARCH PARAMETER =  0.9999     SCALED MAX DOF INC = -0.2046E-08
     FORCE CONVERGENCE VALUE  =  0.3498E-06  CRITERION=  0.1000E-03 <<< CONVERGED
    EQUIL ITER   2 COMPLETED.  NEW TRIANG MATRIX.  MAX DOF INC= -0.1494E-09
     DISP CONVERGENCE VALUE   =  0.1494E-09  CRITERION=  0.6968E-06 <<< CONVERGED
     LINE SEARCH PARAMETER =   1.000     SCALED MAX DOF INC = -0.1494E-09
     FORCE CONVERGENCE VALUE  =  0.3707E-07  CRITERION=  0.1000E-03 <<< CONVERGED
    >>> SOLUTION CONVERGED AFTER EQUILIBRIUM ITERATION   2
 *** LOAD STEP     2   SUBSTEP     2  COMPLETED.    CUM ITER =     13
 *** TIME =   1.10000         TIME INC =  0.500000E-01
 *** AUTO TIME STEP:  NEXT TIME INC = 0.75000E-01  INCREASED (FACTOR = 1.5000)

     FORCE CONVERGENCE VALUE  =  0.1322E-06  CRITERION=  0.1000E-03
     DISP CONVERGENCE VALUE   =  0.8770E-10  CRITERION=  0.9248E-06 <<< CONVERGED
    EQUIL ITER   1 COMPLETED.  NEW TRIANG MATRIX.  MAX DOF INC=  0.8770E-10
     DISP CONVERGENCE VALUE   =  0.7721E-10  CRITERION=  0.9248E-06 <<< CONVERGED
     LINE SEARCH PARAMETER =  0.8804     SCALED MAX DOF INC =  0.7721E-10
     FORCE CONVERGENCE VALUE  =  0.1559E-07  CRITERION=  0.1000E-03 <<< CONVERGED
    EQUIL ITER   2 COMPLETED.  NEW TRIANG MATRIX.  MAX DOF INC=  0.7879E-11
     DISP CONVERGENCE VALUE   =  0.7879E-11  CRITERION=  0.9248E-06 <<< CONVERGED
     LINE SEARCH PARAMETER =   1.000     SCALED MAX DOF INC =  0.7879E-11
     FORCE CONVERGENCE VALUE  =  0.1587E-08  CRITERION=  0.1000E-03 <<< CONVERGED
    >>> SOLUTION CONVERGED AFTER EQUILIBRIUM ITERATION   2
 *** LOAD STEP     2   SUBSTEP     3  COMPLETED.    CUM ITER =     15
 *** TIME =   1.17500         TIME INC =  0.750000E-01
 *** AUTO TIME STEP:  NEXT TIME INC = 0.11250      INCREASED (FACTOR = 1.5000)

     FORCE CONVERGENCE VALUE  =  0.4393E-07  CRITERION=  0.1000E-03
     DISP CONVERGENCE VALUE   =  0.2775E-10  CRITERION=  0.1387E-05 <<< CONVERGED
    EQUIL ITER   1 COMPLETED.  NEW TRIANG MATRIX.  MAX DOF INC= -0.2775E-10
     DISP CONVERGENCE VALUE   =  0.2457E-10  CRITERION=  0.1387E-05 <<< CONVERGED
     LINE SEARCH PARAMETER =  0.8856     SCALED MAX DOF INC = -0.2457E-10
     FORCE CONVERGENCE VALUE  =  0.5289E-08  CRITERION=  0.1000E-03 <<< CONVERGED
    EQUIL ITER   2 COMPLETED.  NEW TRIANG MATRIX.  MAX DOF INC= -0.3942E-11
     DISP CONVERGENCE VALUE   =  0.3942E-11  CRITERION=  0.1387E-05 <<< CONVERGED
     LINE SEARCH PARAMETER =   1.000     SCALED MAX DOF INC = -0.3942E-11
     FORCE CONVERGENCE VALUE  =  0.5047E-09  CRITERION=  0.1000E-03 <<< CONVERGED
    >>> SOLUTION CONVERGED AFTER EQUILIBRIUM ITERATION   2
 *** LOAD STEP     2   SUBSTEP     4  COMPLETED.    CUM ITER =     17
 *** TIME =   1.28750         TIME INC =  0.112500    
 *** AUTO TIME STEP:  NEXT TIME INC = 0.16875      INCREASED (FACTOR = 1.5000)

     FORCE CONVERGENCE VALUE  =  0.9438E-08  CRITERION=  0.1000E-03
     DISP CONVERGENCE VALUE   =  0.6205E-11  CRITERION=  0.2081E-05 <<< CONVERGED
    EQUIL ITER   1 COMPLETED.  NEW TRIANG MATRIX.  MAX DOF INC=  0.6205E-11
     DISP CONVERGENCE VALUE   =  0.5794E-11  CRITERION=  0.2081E-05 <<< CONVERGED
     LINE SEARCH PARAMETER =  0.9338     SCALED MAX DOF INC =  0.5794E-11
     FORCE CONVERGENCE VALUE  =  0.1611E-08  CRITERION=  0.1000E-03 <<< CONVERGED
    EQUIL ITER   2 COMPLETED.  NEW TRIANG MATRIX.  MAX DOF INC= -0.1746E-11
     DISP CONVERGENCE VALUE   =  0.1746E-11  CRITERION=  0.2081E-05 <<< CONVERGED
     LINE SEARCH PARAMETER =   1.000     SCALED MAX DOF INC = -0.1746E-11
     FORCE CONVERGENCE VALUE  =  0.2118E-09  CRITERION=  0.1000E-03 <<< CONVERGED
    >>> SOLUTION CONVERGED AFTER EQUILIBRIUM ITERATION   2
 *** LOAD STEP     2   SUBSTEP     5  COMPLETED.    CUM ITER =     19
 *** TIME =   1.45625         TIME INC =  0.168750    
 *** AUTO TIME STEP:  NEXT TIME INC = 0.20000      INCREASED (FACTOR = 1.1852)

     FORCE CONVERGENCE VALUE  =  0.5141E-08  CRITERION=  0.1000E-03
     DISP CONVERGENCE VALUE   =  0.1996E-11  CRITERION=  0.2466E-05 <<< CONVERGED
    EQUIL ITER   1 COMPLETED.  NEW TRIANG MATRIX.  MAX DOF INC=  0.1996E-11
     DISP CONVERGENCE VALUE   =  0.1996E-11  CRITERION=  0.2466E-05 <<< CONVERGED
     LINE SEARCH PARAMETER =   1.000     SCALED MAX DOF INC =  0.1996E-11
     FORCE CONVERGENCE VALUE  =  0.6805E-09  CRITERION=  0.1000E-03 <<< CONVERGED
    >>> SOLUTION CONVERGED AFTER EQUILIBRIUM ITERATION   1
 *** LOAD STEP     2   SUBSTEP     6  COMPLETED.    CUM ITER =     20
 *** TIME =   1.65625         TIME INC =  0.200000    
 *** AUTO STEP TIME:  NEXT TIME INC = 0.20000      UNCHANGED

     FORCE CONVERGENCE VALUE  =  0.3308E-08  CRITERION=  0.1000E-03
     DISP CONVERGENCE VALUE   =  0.1272E-11  CRITERION=  0.2466E-05 <<< CONVERGED
    EQUIL ITER   1 COMPLETED.  NEW TRIANG MATRIX.  MAX DOF INC=  0.1272E-11
     DISP CONVERGENCE VALUE   =  0.1272E-11  CRITERION=  0.2466E-05 <<< CONVERGED
     LINE SEARCH PARAMETER =   1.000     SCALED MAX DOF INC =  0.1272E-11
     FORCE CONVERGENCE VALUE  =  0.3382E-09  CRITERION=  0.1000E-03 <<< CONVERGED
    >>> SOLUTION CONVERGED AFTER EQUILIBRIUM ITERATION   1
 *** LOAD STEP     2   SUBSTEP     7  COMPLETED.    CUM ITER =     21
 *** TIME =   1.85625         TIME INC =  0.200000    
 *** AUTO TIME STEP:  NEXT TIME INC = 0.14375      DECREASED (FACTOR = 0.7188)

     FORCE CONVERGENCE VALUE  =  0.1585E-08  CRITERION=  0.1000E-03
     DISP CONVERGENCE VALUE   =  0.4571E-12  CRITERION=  0.2466E-05 <<< CONVERGED
    EQUIL ITER   1 COMPLETED.  NEW TRIANG MATRIX.  MAX DOF INC= -0.4571E-12
     DISP CONVERGENCE VALUE   =  0.4571E-12  CRITERION=  0.2466E-05 <<< CONVERGED
     LINE SEARCH PARAMETER =   1.000     SCALED MAX DOF INC = -0.4571E-12
     FORCE CONVERGENCE VALUE  =  0.1252E-09  CRITERION=  0.1000E-03 <<< CONVERGED
    >>> SOLUTION CONVERGED AFTER EQUILIBRIUM ITERATION   1
 *** LOAD STEP     2   SUBSTEP     8  COMPLETED.    CUM ITER =     22
 *** TIME =   2.00000         TIME INC =  0.143750    

 *** MAPDL - ENGINEERING ANALYSIS SYSTEM  RELEASE 2025 R2          25.2     ***
 Ansys Mechanical Enterprise                       
 00000000  VERSION=LINUX x64     13:20:08  AUG 13, 2026 CP=   5787.947

                                                                               



                      L O A D   S T E P   O P T I O N S

   LOAD STEP NUMBER. . . . . . . . . . . . . . . .     3
   TIME AT END OF THE LOAD STEP. . . . . . . . . .  3.0000    
   AUTOMATIC TIME STEPPING . . . . . . . . . . . .    ON
      INITIAL NUMBER OF SUBSTEPS . . . . . . . . .    40
      MAXIMUM NUMBER OF SUBSTEPS . . . . . . . . .   400
      MINIMUM NUMBER OF SUBSTEPS . . . . . . . . .    10
   MAXIMUM NUMBER OF EQUILIBRIUM ITERATIONS. . . .    15
   NONLINEAR STABILIZATION . . . . . . . . . . . .ON (CONSTANT)
   STEP CHANGE BOUNDARY CONDITIONS . . . . . . . .    NO
   STRESS-STIFFENING . . . . . . . . . . . . . . .    ON
   LINE SEARCH . . . . . . . . . . . . . . . . . .    ON
   TERMINATE ANALYSIS IF NOT CONVERGED . . . . . .YES (EXIT)  
   CONVERGENCE CONTROLS
      LABEL   REFERENCE    TOLERANCE  NORM     MINREF
       F       0.000       0.1000E-01   2      0.000    
   PRINT OUTPUT CONTROLS . . . . . . . . . . . . .NO PRINTOUT
   DATABASE OUTPUT CONTROLS
      ITEM     FREQUENCY   COMPONENT
       ALL        ALL               

 MAXIMUM NUMBER OF EQUILIBRIUM ITERATIONS HAS BEEN MODIFIED              
  TO BE, NEQIT = 25, BY SOLUTION CONTROL LOGIC.                          

     FORCE CONVERGENCE VALUE  =   205.1      CRITERION=   2.051    
     DISP CONVERGENCE VALUE   =  0.7000E-05  CRITERION=  0.2466E-05
    EQUIL ITER   1 COMPLETED.  NEW TRIANG MATRIX.  MAX DOF INC= -0.7000E-05
     DISP CONVERGENCE VALUE   =  0.7000E-05  CRITERION=  0.2466E-05
     LINE SEARCH PARAMETER =   1.000     SCALED MAX DOF INC = -0.7000E-05
     FORCE CONVERGENCE VALUE  =  0.9551E-03  CRITERION=  0.1000E-03
    EQUIL ITER   2 COMPLETED.  NEW TRIANG MATRIX.  MAX DOF INC= -0.5491E-05
     DISP CONVERGENCE VALUE   =  0.5491E-05  CRITERION=  0.2466E-05
     LINE SEARCH PARAMETER =   1.000     SCALED MAX DOF INC = -0.5491E-05
     FORCE CONVERGENCE VALUE  =  0.1454E-03  CRITERION=  0.1000E-03
    EQUIL ITER   3 COMPLETED.  NEW TRIANG MATRIX.  MAX DOF INC= -0.9026E-06
     DISP CONVERGENCE VALUE   =  0.9026E-06  CRITERION=  0.2466E-05 <<< CONVERGED
     LINE SEARCH PARAMETER =   1.000     SCALED MAX DOF INC = -0.9026E-06
     FORCE CONVERGENCE VALUE  =  0.1668E-04  CRITERION=  0.1000E-03 <<< CONVERGED
    >>> SOLUTION CONVERGED AFTER EQUILIBRIUM ITERATION   3
 *** LOAD STEP     3   SUBSTEP     1  COMPLETED.    CUM ITER =     25
 *** TIME =   2.02500         TIME INC =  0.250000E-01
 *** DAMPING FACTOR FOR NONLINEAR STABILIZATION = 0.3542E+10
 *** AUTO STEP TIME:  NEXT TIME INC = 0.25000E-01  UNCHANGED

     FORCE CONVERGENCE VALUE  =  0.8130E-03  CRITERION=  0.1000E-03
     DISP CONVERGENCE VALUE   =  0.2995E-05  CRITERION=  0.2466E-05
    EQUIL ITER   1 COMPLETED.  NEW TRIANG MATRIX.  MAX DOF INC= -0.2995E-05
     DISP CONVERGENCE VALUE   =  0.2995E-05  CRITERION=  0.2466E-05
     LINE SEARCH PARAMETER =   1.000     SCALED MAX DOF INC = -0.2995E-05
     FORCE CONVERGENCE VALUE  =  0.9350E-04  CRITERION=  0.1000E-03 <<< CONVERGED
    EQUIL ITER   2 COMPLETED.  NEW TRIANG MATRIX.  MAX DOF INC= -0.5650E-06
     DISP CONVERGENCE VALUE   =  0.5650E-06  CRITERION=  0.2466E-05 <<< CONVERGED
     LINE SEARCH PARAMETER =   1.000     SCALED MAX DOF INC = -0.5650E-06
     FORCE CONVERGENCE VALUE  =  0.7769E-05  CRITERION=  0.1000E-03 <<< CONVERGED
    >>> SOLUTION CONVERGED AFTER EQUILIBRIUM ITERATION   2
 *** LOAD STEP     3   SUBSTEP     2  COMPLETED.    CUM ITER =     27
 *** TIME =   2.05000         TIME INC =  0.250000E-01
 *** AUTO TIME STEP:  NEXT TIME INC = 0.37500E-01  INCREASED (FACTOR = 1.5000)

     FORCE CONVERGENCE VALUE  =  0.9953E-03  CRITERION=  0.1000E-03
     DISP CONVERGENCE VALUE   =  0.2796E-05  CRITERION=  0.2466E-05
    EQUIL ITER   1 COMPLETED.  NEW TRIANG MATRIX.  MAX DOF INC= -0.2796E-05
     DISP CONVERGENCE VALUE   =  0.2796E-05  CRITERION=  0.2466E-05
     LINE SEARCH PARAMETER =   1.000     SCALED MAX DOF INC = -0.2796E-05
     FORCE CONVERGENCE VALUE  =  0.1179E-03  CRITERION=  0.1000E-03
    EQUIL ITER   2 COMPLETED.  NEW TRIANG MATRIX.  MAX DOF INC= -0.5012E-06
     DISP CONVERGENCE VALUE   =  0.5012E-06  CRITERION=  0.2466E-05 <<< CONVERGED
     LINE SEARCH PARAMETER =   1.000     SCALED MAX DOF INC = -0.5012E-06
     FORCE CONVERGENCE VALUE  =  0.7609E-05  CRITERION=  0.1000E-03 <<< CONVERGED
    >>> SOLUTION CONVERGED AFTER EQUILIBRIUM ITERATION   2
 *** LOAD STEP     3   SUBSTEP     3  COMPLETED.    CUM ITER =     29
 *** TIME =   2.08750         TIME INC =  0.375000E-01
 *** AUTO TIME STEP:  NEXT TIME INC = 0.56250E-01  INCREASED (FACTOR = 1.5000)

     FORCE CONVERGENCE VALUE  =  0.1662E-02  CRITERION=  0.1000E-03
     DISP CONVERGENCE VALUE   =  0.3689E-05  CRITERION=  0.2466E-05
    EQUIL ITER   1 COMPLETED.  NEW TRIANG MATRIX.  MAX DOF INC= -0.3689E-05
     DISP CONVERGENCE VALUE   =  0.3689E-05  CRITERION=  0.2466E-05
     LINE SEARCH PARAMETER =   1.000     SCALED MAX DOF INC = -0.3689E-05
     FORCE CONVERGENCE VALUE  =  0.2054E-03  CRITERION=  0.1000E-03
    EQUIL ITER   2 COMPLETED.  NEW TRIANG MATRIX.  MAX DOF INC= -0.7626E-06
     DISP CONVERGENCE VALUE   =  0.7626E-06  CRITERION=  0.2466E-05 <<< CONVERGED
     LINE SEARCH PARAMETER =   1.000     SCALED MAX DOF INC = -0.7626E-06
     FORCE CONVERGENCE VALUE  =  0.1404E-04  CRITERION=  0.1000E-03 <<< CONVERGED
    >>> SOLUTION CONVERGED AFTER EQUILIBRIUM ITERATION   2
 *** LOAD STEP     3   SUBSTEP     4  COMPLETED.    CUM ITER =     31
 *** TIME =   2.14375         TIME INC =  0.562500E-01
 *** AUTO TIME STEP:  NEXT TIME INC = 0.84375E-01  INCREASED (FACTOR = 1.5000)

     FORCE CONVERGENCE VALUE  =  0.3162E-02  CRITERION=  0.1000E-03
     DISP CONVERGENCE VALUE   =  0.5145E-05  CRITERION=  0.2466E-05
    EQUIL ITER   1 COMPLETED.  NEW TRIANG MATRIX.  MAX DOF INC= -0.5145E-05
     DISP CONVERGENCE VALUE   =  0.5145E-05  CRITERION=  0.2466E-05
     LINE SEARCH PARAMETER =   1.000     SCALED MAX DOF INC = -0.5145E-05
     FORCE CONVERGENCE VALUE  =  0.3772E-03  CRITERION=  0.1000E-03
    EQUIL ITER   2 COMPLETED.  NEW TRIANG MATRIX.  MAX DOF INC= -0.1201E-05
     DISP CONVERGENCE VALUE   =  0.1201E-05  CRITERION=  0.2466E-05 <<< CONVERGED
     LINE SEARCH PARAMETER =   1.000     SCALED MAX DOF INC = -0.1201E-05
     FORCE CONVERGENCE VALUE  =  0.2309E-04  CRITERION=  0.1000E-03 <<< CONVERGED
    >>> SOLUTION CONVERGED AFTER EQUILIBRIUM ITERATION   2
 *** LOAD STEP     3   SUBSTEP     5  COMPLETED.    CUM ITER =     33
 *** TIME =   2.22812         TIME INC =  0.843750E-01
 *** AUTO TIME STEP:  NEXT TIME INC = 0.10000      INCREASED (FACTOR = 1.1852)

     FORCE CONVERGENCE VALUE  =  0.4204E-02  CRITERION=  0.1000E-03
     DISP CONVERGENCE VALUE   =  0.5781E-05  CRITERION=  0.2466E-05
    EQUIL ITER   1 COMPLETED.  NEW TRIANG MATRIX.  MAX DOF INC= -0.5781E-05
     DISP CONVERGENCE VALUE   =  0.5641E-05  CRITERION=  0.2466E-05
     LINE SEARCH PARAMETER =  0.9758     SCALED MAX DOF INC = -0.5641E-05
     FORCE CONVERGENCE VALUE  =  0.5429E-03  CRITERION=  0.1000E-03
    EQUIL ITER   2 COMPLETED.  NEW TRIANG MATRIX.  MAX DOF INC= -0.1428E-05
     DISP CONVERGENCE VALUE   =  0.1428E-05  CRITERION=  0.2466E-05 <<< CONVERGED
     LINE SEARCH PARAMETER =   1.000     SCALED MAX DOF INC = -0.1428E-05
     FORCE CONVERGENCE VALUE  =  0.3929E-04  CRITERION=  0.1000E-03 <<< CONVERGED
    >>> SOLUTION CONVERGED AFTER EQUILIBRIUM ITERATION   2
 *** LOAD STEP     3   SUBSTEP     6  COMPLETED.    CUM ITER =     35
 *** TIME =   2.32812         TIME INC =  0.100000    
 *** AUTO STEP TIME:  NEXT TIME INC = 0.10000      UNCHANGED

     FORCE CONVERGENCE VALUE  =  0.3613E-02  CRITERION=  0.1000E-03
     DISP CONVERGENCE VALUE   =  0.4480E-05  CRITERION=  0.2466E-05
    EQUIL ITER   1 COMPLETED.  NEW TRIANG MATRIX.  MAX DOF INC= -0.4480E-05
     DISP CONVERGENCE VALUE   =  0.4480E-05  CRITERION=  0.2466E-05
     LINE SEARCH PARAMETER =   1.000     SCALED MAX DOF INC = -0.4480E-05
     FORCE CONVERGENCE VALUE  =  0.3440E-03  CRITERION=  0.1000E-03
    EQUIL ITER   2 COMPLETED.  NEW TRIANG MATRIX.  MAX DOF INC= -0.8522E-06
     DISP CONVERGENCE VALUE   =  0.8522E-06  CRITERION=  0.2466E-05 <<< CONVERGED
     LINE SEARCH PARAMETER =   1.000     SCALED MAX DOF INC = -0.8522E-06
     FORCE CONVERGENCE VALUE  =  0.1995E-04  CRITERION=  0.1000E-03 <<< CONVERGED
    >>> SOLUTION CONVERGED AFTER EQUILIBRIUM ITERATION   2
 *** LOAD STEP     3   SUBSTEP     7  COMPLETED.    CUM ITER =     37
 *** TIME =   2.42813         TIME INC =  0.100000    
 *** AUTO STEP TIME:  NEXT TIME INC = 0.10000      UNCHANGED

     FORCE CONVERGENCE VALUE  =  0.3213E-02  CRITERION=  0.1000E-03
     DISP CONVERGENCE VALUE   =  0.4126E-05  CRITERION=  0.2466E-05
    EQUIL ITER   1 COMPLETED.  NEW TRIANG MATRIX.  MAX DOF INC= -0.4126E-05
     DISP CONVERGENCE VALUE   =  0.4126E-05  CRITERION=  0.2466E-05
     LINE SEARCH PARAMETER =   1.000     SCALED MAX DOF INC = -0.4126E-05
     FORCE CONVERGENCE VALUE  =  0.3237E-03  CRITERION=  0.1000E-03
    EQUIL ITER   2 COMPLETED.  NEW TRIANG MATRIX.  MAX DOF INC= -0.6968E-06
     DISP CONVERGENCE VALUE   =  0.6138E-06  CRITERION=  0.2466E-05 <<< CONVERGED
     LINE SEARCH PARAMETER =  0.8809     SCALED MAX DOF INC = -0.6138E-06
     FORCE CONVERGENCE VALUE  =  0.5076E-04  CRITERION=  0.1000E-03 <<< CONVERGED
    >>> SOLUTION CONVERGED AFTER EQUILIBRIUM ITERATION   2
 *** LOAD STEP     3   SUBSTEP     8  COMPLETED.    CUM ITER =     39
 *** TIME =   2.52813         TIME INC =  0.100000    
 *** AUTO STEP TIME:  NEXT TIME INC = 0.10000      UNCHANGED

     FORCE CONVERGENCE VALUE  =  0.2950E-02  CRITERION=  0.1000E-03
     DISP CONVERGENCE VALUE   =  0.3702E-05  CRITERION=  0.2466E-05
    EQUIL ITER   1 COMPLETED.  NEW TRIANG MATRIX.  MAX DOF INC= -0.3702E-05
     DISP CONVERGENCE VALUE   =  0.3504E-05  CRITERION=  0.2466E-05
     LINE SEARCH PARAMETER =  0.9466     SCALED MAX DOF INC = -0.3504E-05
     FORCE CONVERGENCE VALUE  =  0.4265E-03  CRITERION=  0.1000E-03
    EQUIL ITER   2 COMPLETED.  NEW TRIANG MATRIX.  MAX DOF INC= -0.5604E-06
     DISP CONVERGENCE VALUE   =  0.3277E-06  CRITERION=  0.2466E-05 <<< CONVERGED
     LINE SEARCH PARAMETER =  0.5847     SCALED MAX DOF INC = -0.3277E-06
     FORCE CONVERGENCE VALUE  =  0.1468E-03  CRITERION=  0.1000E-03
    EQUIL ITER   3 COMPLETED.  NEW TRIANG MATRIX.  MAX DOF INC= -0.3558E-06
     DISP CONVERGENCE VALUE   =  0.3020E-06  CRITERION=  0.2466E-05 <<< CONVERGED
     LINE SEARCH PARAMETER =  0.8488     SCALED MAX DOF INC = -0.3020E-06
     FORCE CONVERGENCE VALUE  =  0.3271E-04  CRITERION=  0.1000E-03 <<< CONVERGED
    EQUIL ITER   4 COMPLETED.  NEW TRIANG MATRIX.  MAX DOF INC= -0.6091E-07
     DISP CONVERGENCE VALUE   =  0.6091E-07  CRITERION=  0.2466E-05 <<< CONVERGED
     LINE SEARCH PARAMETER =   1.000     SCALED MAX DOF INC = -0.6091E-07
    >>> SOLUTION CONVERGED AFTER EQUILIBRIUM ITERATION   4
 *** LOAD STEP     3   SUBSTEP     9  COMPLETED.    CUM ITER =     43
 *** TIME =   2.62813         TIME INC =  0.100000    
 *** AUTO STEP TIME:  NEXT TIME INC = 0.10000      UNCHANGED

     FORCE CONVERGENCE VALUE  =  0.2531E-02  CRITERION=  0.1014E-03
     DISP CONVERGENCE VALUE   =  0.3123E-05  CRITERION=  0.2466E-05
    EQUIL ITER   1 COMPLETED.  NEW TRIANG MATRIX.  MAX DOF INC= -0.3123E-05
     DISP CONVERGENCE VALUE   =  0.3026E-05  CRITERION=  0.2466E-05
     LINE SEARCH PARAMETER =  0.9688     SCALED MAX DOF INC = -0.3026E-05
     FORCE CONVERGENCE VALUE  =  0.3267E-03  CRITERION=  0.1022E-03
    EQUIL ITER   2 COMPLETED.  NEW TRIANG MATRIX.  MAX DOF INC= -0.4863E-06
     DISP CONVERGENCE VALUE   =  0.2775E-06  CRITERION=  0.2466E-05 <<< CONVERGED
     LINE SEARCH PARAMETER =  0.5707     SCALED MAX DOF INC = -0.2775E-06
     FORCE CONVERGENCE VALUE  =  0.1084E-03  CRITERION=  0.1022E-03
    EQUIL ITER   3 COMPLETED.  NEW TRIANG MATRIX.  MAX DOF INC= -0.2756E-06
     DISP CONVERGENCE VALUE   =  0.2345E-06  CRITERION=  0.2466E-05 <<< CONVERGED
     LINE SEARCH PARAMETER =  0.8509     SCALED MAX DOF INC = -0.2345E-06
     FORCE CONVERGENCE VALUE  =  0.2428E-04  CRITERION=  0.1023E-03 <<< CONVERGED
    EQUIL ITER   4 COMPLETED.  NEW TRIANG MATRIX.  MAX DOF INC= -0.4071E-07
     DISP CONVERGENCE VALUE   =  0.4071E-07  CRITERION=  0.2466E-05 <<< CONVERGED
     LINE SEARCH PARAMETER =   1.000     SCALED MAX DOF INC = -0.4071E-07
    >>> SOLUTION CONVERGED AFTER EQUILIBRIUM ITERATION   4
 *** LOAD STEP     3   SUBSTEP    10  COMPLETED.    CUM ITER =     47
 *** TIME =   2.72813         TIME INC =  0.100000    
 *** AUTO STEP TIME:  NEXT TIME INC = 0.10000      UNCHANGED

     FORCE CONVERGENCE VALUE  =  0.2596E-02  CRITERION=  0.1217E-03
     DISP CONVERGENCE VALUE   =  0.3030E-05  CRITERION=  0.2466E-05
    EQUIL ITER   1 COMPLETED.  NEW TRIANG MATRIX.  MAX DOF INC= -0.3030E-05
     DISP CONVERGENCE VALUE   =  0.2819E-05  CRITERION=  0.2466E-05
     LINE SEARCH PARAMETER =  0.9303     SCALED MAX DOF INC = -0.2819E-05
     FORCE CONVERGENCE VALUE  =  0.4434E-03  CRITERION=  0.1226E-03
    EQUIL ITER   2 COMPLETED.  NEW TRIANG MATRIX.  MAX DOF INC= -0.5440E-06
     DISP CONVERGENCE VALUE   =  0.2951E-06  CRITERION=  0.2466E-05 <<< CONVERGED
     LINE SEARCH PARAMETER =  0.5425     SCALED MAX DOF INC = -0.2951E-06
     FORCE CONVERGENCE VALUE  =  0.1386E-03  CRITERION=  0.1226E-03
    EQUIL ITER   3 COMPLETED.  NEW TRIANG MATRIX.  MAX DOF INC= -0.3373E-06
     DISP CONVERGENCE VALUE   =  0.3085E-06  CRITERION=  0.2466E-05 <<< CONVERGED
     LINE SEARCH PARAMETER =  0.9146     SCALED MAX DOF INC = -0.3085E-06
     FORCE CONVERGENCE VALUE  =  0.2332E-04  CRITERION=  0.1226E-03 <<< CONVERGED
    EQUIL ITER   4 COMPLETED.  NEW TRIANG MATRIX.  MAX DOF INC= -0.3554E-07
     DISP CONVERGENCE VALUE   =  0.3554E-07  CRITERION=  0.2466E-05 <<< CONVERGED
     LINE SEARCH PARAMETER =   1.000     SCALED MAX DOF INC = -0.3554E-07
    >>> SOLUTION CONVERGED AFTER EQUILIBRIUM ITERATION   4
 *** LOAD STEP     3   SUBSTEP    11  COMPLETED.    CUM ITER =     51
 *** TIME =   2.82813         TIME INC =  0.100000    
 *** AUTO STEP TIME:  NEXT TIME INC = 0.10000      UNCHANGED

     FORCE CONVERGENCE VALUE  =  0.2648E-02  CRITERION=  0.1447E-03
     DISP CONVERGENCE VALUE   =  0.2886E-05  CRITERION=  0.2466E-05
    EQUIL ITER   1 COMPLETED.  NEW TRIANG MATRIX.  MAX DOF INC= -0.2886E-05
     DISP CONVERGENCE VALUE   =  0.2858E-05  CRITERION=  0.2466E-05
     LINE SEARCH PARAMETER =  0.9905     SCALED MAX DOF INC = -0.2858E-05
     FORCE CONVERGENCE VALUE  =  0.2526E-03  CRITERION=  0.1456E-03
    EQUIL ITER   2 COMPLETED.  NEW TRIANG MATRIX.  MAX DOF INC= -0.5134E-06
     DISP CONVERGENCE VALUE   =  0.3520E-06  CRITERION=  0.2466E-05 <<< CONVERGED
     LINE SEARCH PARAMETER =  0.6857     SCALED MAX DOF INC = -0.3520E-06
     FORCE CONVERGENCE VALUE  =  0.7220E-04  CRITERION=  0.1456E-03 <<< CONVERGED
    EQUIL ITER   3 COMPLETED.  NEW TRIANG MATRIX.  MAX DOF INC= -0.1958E-06
     DISP CONVERGENCE VALUE   =  0.1958E-06  CRITERION=  0.2466E-05 <<< CONVERGED
     LINE SEARCH PARAMETER =   1.000     SCALED MAX DOF INC = -0.1958E-06
    >>> SOLUTION CONVERGED AFTER EQUILIBRIUM ITERATION   3
 *** LOAD STEP     3   SUBSTEP    12  COMPLETED.    CUM ITER =     54
 *** TIME =   2.92813         TIME INC =  0.100000    
 *** AUTO TIME STEP:  NEXT TIME INC = 0.71875E-01  DECREASED (FACTOR = 0.7187)

     FORCE CONVERGENCE VALUE  =  0.1684E-02  CRITERION=  0.1630E-03
